PASS dev Hard frame 1 EER 5.253893697609516 event F1 70.28008856215473
PASS dev Hard frame 2 EER 5.4769602655033385 event F1 68.77885619477236
PASS dev Hard frame 3 EER 5.260012596245112 event F1 69.35638494890733
PASS dev Soft frame 1 EER 5.518896751395036 event F1 67.85985404695543
PASS dev Soft frame 2 EER 5.785517225662885 event F1 67.24158779364399
PASS dev Soft frame 3 EER 5.389991514991961 event F1 68.78159025628466
PASS dev Phone 1 EER 6.044103207002049 event F1 63.37268976392939
PASS dev Phone 2 EER 6.392481848511299 event F1 63.558324679820004
PASS dev Phone 3 EER 6.172988394067715 event F1 63.373451944880514
PASS dev Word 1 EER 6.968593903045795 event F1 61.86260956420408
PASS dev Word 2 EER 6.987341480921123 event F1 61.70040016238474
PASS dev Word 3 EER 7.143260558522672 event F1 62.34088747213489
PASS eval Hard frame 1 EER 11.099817118801592 event F1 55.84729539506197
PASS eval Hard frame 2 EER 11.135994747583553 event F1 54.903864759793834
PASS eval Hard frame 3 EER 11.132981528552556 event F1 55.68712334967386
PASS eval Soft frame 1 EER 11.434286920818284 event F1 53.63091552370045
PASS eval Soft frame 2 EER 11.179669012781018 event F1 54.1903493434623
PASS eval Soft frame 3 EER 11.36446150079802 event F1 54.77566728831972
PASS eval Phone 1 EER 11.091501126152359 event F1 49.460630091974735
PASS eval Phone 2 EER 11.123709326615142 event F1 50.23737697223349
PASS eval Phone 3 EER 11.495182798278018 event F1 49.967114723351045
PASS eval Word 1 EER 12.69602332637689 event F1 47.548787660937194
PASS eval Word 2 EER 12.331474102482709 event F1 48.32442272884211
PASS eval Word 3 EER 12.515577402689942 event F1 48.63327556416429
COMPLETE 24
